 1026.00  Hydrogen   Ly  beta
 1035.00  Oxygen      O    VI
 1216.00  Hydrogen   Ly alpha
 1238.81  Nitrogen    N     V
 1242.80  Nitrogen    N     V
 1548.20  Carbon      C    IV
 1550.77  Carbon      C    IV
 1640.00  Helium     He    II
 1907.00  Carbon      C  III]
 1909.00  Carbon      C  III]
 2327.71  Carbon      C   II]
 3203.93  Helium     He    II
 3345.96  Neon       Ne   [V]
 3426.98  Neon       Ne   [V]
 3727.100 Oxygen      O  [II]
 3729.860 Oxygen      O  [II]
 3798.98  Hydrogen    H    10
 3836.49  Hydrogen    H     9
 3869.84  Neon       Ne [III]
 3890.00  Hydrogen    H     8
 3890.15  Hydrogen    H     f
 4027.14  Helium     He     I
 4102.90  Hydrogen    H     d
 4341.69  Hydrogen    H gamma
 4364.44  Oxygen      O [III]
 4687.31  Helium     He    II
 4726.32  Neon       Ne  [IV]
 4862.70  Hydrogen    H     b
 4960.29  Oxygen      O [III]
 5008.24  Oxygen      O [III]
 5412.50  Helium     He    II
 5877.28  Helium     He     I
 6302.04  Oxygen      O   [I]
 6364.76  Oxygen      O   [I]
 6549.91  Nitrogen    N  [II]
 6564.63  Hydrogen    H     a
 6585.42  Nitrogen    N  [II]
 6678.0   Helium     He    I
 6718.95  Sulfur      S  [II]
 6733.16  Sulfur      S  [II]
 #7065.00  1    H     I
 7319.0   Oxygen      O [II]
 8239.26  Helium     He    II
 9071.49  Sulfur      S [III]
 9547.62  Sulfur      S [III]
10122.77  Helium     He    II
