87
  912.00  2   Ly break               
 1026.00  1   Ly b                
 1035.00  1   O  VI                   
 1190.42  2   Si II                  
 1193.28  2   Si II                  
 1199.90  2   N  I                    
 1206.51  2   Si III                 
 1216.00  1   Ly a               
 1238.81  2   N  V                    
 1242.80  2   N  V                    
 1250.59  2   S  II                   
 1253.81  2   S  II                   
 1255.00  2   Fe V                   
 1259.52  2   Si II                  
 1260.42  2   Si II                  
 1302.08  2   O  I                    
 1304.40  2   Si II                  
 1334.53  2   C  II                   
 1335.70  2   C  II*                   
 1371.00  2   O  V                    
 1393.76  2   Si IV                  
 1402.77  2   Si IV                  
 1428.00  2   C  III                  
 1526.72  2   Si II                  
 1548.20  2   C  IV                   
 1550.77  2   C  IV                   
 1608.45  2   Fe II                  
 1640.00  1   He II                  
 1670.91  2   Al II                  
 1719.00  1   N  IV                   
 1854.72  2   Al III                 
 1862.78  2   Al III                 
 2796.00  2   Mg II                  
 2803.00  2   Mg II                  
 3203.00  1   He II                  
 3749.50  1   Fe I                   
 3797.90  2   H  10                    
 3835.40  2   H  9                     
 3888.90  2   H  8
 3933.68  2   Ca II K                
 3968.49  2   Ca II H                
 3970.07  2   H  e
 4026.00  1   He I                    
 4101.74  2   H  d
 4226.70  2   Ca I                    
 4340.47  2   H  g                 
 4383.55  2   Fe I                   
 4455.00  2   Ca I                   
 4668.00  2   Fe I                   
 4686.00  1   He II                   
 4861.34  2   H  b                     
 5167.30  2   Mg I                   
 5172.70  2   Mg I                   
 5183.60  2   Mg I                   
 5208.00  2   Mg H                   
 5269.00  2   Ca I
 5270.28  2   Fe I                   
 5331.50  2   Fe I                   
 5401.40  2   Fe I                   
 5411.00  1   He II                   
 5875.65  1   He I                   
 5889.98  2   Na I                   
 5892.50  2   Na I                   
 5895.94  2   Na I                   
 6562.82  1   H  a                     
 6678.0   1   He I
 7065.00  1   H  I
 7773.48  1   Fe II
 8237.00  1   He II                   
 8498.03  1  CaT II 
 8502.49  1   PH 16
 8542.09  1  CaT II
 8545.38  1   PH 15
 8598.39  1   PH 14
 8662.14  1  CaT II
 8665.02  1   PH 13
 8750.46  1   PH 12
 8865.22  1   PH 11
 9014.91  1   PH 10
 9229.01  1   PH  9
 9545.97  1   PH  8
10049.37  1   PH  7
10120.00  1   He II                   
10941.09  1   PH  g
12821.59  1   PH  b
18756.13  1   PH  a
21661.20  1   BH  g
